    Finished `test` profile [unoptimized + debuginfo] target(s) in 0.44s
     Running unittests src\lib.rs (F:\work\tranxon\rollball-ai\target\debug\deps\rollball_core-8f6b009546d7abd4.exe)

running 55 tests
     Running tests\manifest_parse.rs (F:\work\tranxon\rollball-ai\target\debug\deps\manifest_parse-0a7b8b9595ca703c.exe)
test identity::tests::test_find_field_def_known ... ok
test identity::tests::test_find_field_def_unknown ... ok
test identity::tests::test_identity_category_roundtrip ... ok
test identity::tests::test_privacy_level_roundtrip ... ok
test identity::tests::test_identity_fields_required_count ... ok
test identity::tests::test_identity_category_invalid ... ok
test identity::tests::test_privacy_level_invalid ... ok
test manifest::tests::test_manifest_parse_minimal ... ok
test identity::tests::test_identity_entry_serialization ... ok
test identity::tests::test_identity_query_result_serialization ... ok
test manifest::tests::test_manifest_parse_full ... ok
test manifest::tests::test_manifest_get_tool ... ok
test manifest::tests::test_manifest_validation_empty_agent_id ... ok
test permission::tests::test_permission_matches_different_types ... ok
test permission::tests::test_permission_category ... ok
test manifest::tests::test_manifest_validation_no_dots_in_id ... ok
test permission::tests::test_permission_parse_intent ... ok
test permission::tests::test_permission_matches_broad_narrow ... ok
test manifest::tests::test_manifest_has_tool ... ok
test manifest::tests::test_manifest_roundtrip ... ok
test permission::tests::test_permission_parse_invalid ... ok
test permission::tests::test_permission_parse_filesystem ... ok
test permission::tests::test_permission_parse_memory ... ok
test permission::tests::test_permission_parse_network ... ok
test permission::tests::test_permission_parse_shell ... ok
test permission::tests::test_permission_toml_roundtrip ... ok
test protocol::tests::test_frame_from_bytes_length_mismatch ... ok
test protocol::tests::test_frame_from_bytes_too_short ... ok
test protocol::tests::test_frame_from_message ... ok
test protocol::tests::test_frame_to_message ... ok
test protocol::tests::test_frame_wire_format_roundtrip ... ok
test protocol::tests::test_gateway_request_roundtrip ... ok
test protocol::tests::test_gateway_request_serialize_key_release ... ok
test protocol::tests::test_gateway_response_roundtrip ... ok
test providers::mock::tests::test_mock_error ... ok
test providers::mock::tests::test_mock_default_response ... ok
test providers::mock::tests::test_mock_single_text ... ok
test providers::traits::tests::test_provider_error_display ... ok
test providers::mock::tests::test_mock_tracks_last_request ... ok
test providers::traits::tests::test_provider_error_from_status_401 ... ok
test providers::mock::tests::test_mock_tool_call_then_text ... ok
test providers::traits::tests::test_provider_error_from_status_400 ... ok
test providers::traits::tests::test_provider_error_from_status_500 ... ok
test providers::traits::tests::test_provider_error_from_status_429 ... ok
test providers::traits::tests::test_provider_error_from_status_402 ... ok
test providers::traits::tests::test_provider_error_network ... ok
test tools::schema::tests::test_clean_schema_cleans_allof ... ok
test providers::traits::tests::test_provider_error_payment_required_constructor ... ok
test tools::schema::tests::test_clean_schema_cleans_items ... ok
test tools::schema::tests::test_clean_schema_flatten_single_type_array ... ok
test tools::schema::tests::test_clean_schema_keeps_multi_type_array ... ok
test tools::schema::tests::test_clean_schema_passthrough_simple ... ok
test tools::schema::tests::test_clean_schema_recursive_properties ... ok
test tools::schema::tests::test_clean_schema_strips_unsupported_keys ... ok
test tools::schema::tests::test_sanitize_tool_schema ... ok

test result: ok. 55 passed; 0 failed; 0 ignored; 0 measured; 0 filtered out; finished in 0.01s


running 5 tests
test test_parse_invalid_manifest_missing_llm ... ok
test test_parse_minimal_manifest ... ok
test test_parse_invalid_manifest_missing_agent_id ... ok
test test_parse_valid_manifest ... ok
test test_parse_weather_agent_example ... ok

test result: ok. 5 passed; 0 failed; 0 ignored; 0 measured; 0 filtered out; finished in 0.00s

     Running unittests src\lib.rs (F:\work\tranxon\rollball-ai\target\debug\deps\rollball_gateway-fa9c874d203698b4.exe)

running 120 tests
test capability::registry::tests::test_capabilities_for_agent ... ok
test budget::store::tests::test_usage_accumulation_record ... ok
test budget::tracker::tests::test_budget_tracker_new_in_memory ... ok
test budget::store::tests::test_budget_store_in_memory ... ok
test budget::store::tests::test_budget_store_multiple_agents ... ok
test budget::tracker::tests::test_budget_tracker_exceeded_fallback ... ok
test budget::tracker::tests::test_budget_tracker_exceeded_stop ... ok
test budget::tracker::tests::test_budget_tracker_set_and_check ... ok
test budget::tracker::tests::test_no_budget_unlimited ... ok
test budget::tracker::tests::test_budget_tracker_snapshot ... ok
test budget::tracker::tests::test_parse_exceeded_action ... ok
test budget::store::tests::test_usage_accumulation_new ... ok
test capability::registry::tests::test_find_by_action ... ok
test capability::registry::tests::test_make_key ... ok
test budget::tracker::tests::test_budget_tracker_record_usage ... ok
test capability::registry::tests::test_register_and_get ... ok
test capability::registry::tests::test_overview ... ok
test capability::registry::tests::test_unregister_agent ... ok
test capability::registry::tests::test_register_from_manifest ... ok
test capability::registry::tests::test_registry_new ... ok
test cli::tests::test_cli_default_log_level ... ok
test cli::tests::test_cli_env_vars ... ok
test cli::tests::test_cli_parse_install ... ok
test cli::tests::test_cli_parse_list ... ok
test cli::tests::test_cli_parse_daemon ... ok
test cli::tests::test_cli_parse_upgrade ... ok
test cli::tests::test_cli_parse_start ... ok
test budget::store::tests::test_budget_store_persistence ... ok
test cli::tests::test_cli_parse_stop ... ok
test gateway::state::tests::test_state_install_and_check ... ok
test gateway::tests::test_agent_list_entry_display ... ok
test intent::privacy::tests::test_filter_memory_nodes ... ok
test intent::privacy::tests::test_filter_sensitive_content_empty_memories ... ok
test intent::privacy::tests::test_filter_sensitive_content_keeps_non_object_items ... ok
test intent::privacy::tests::test_filter_sensitive_content_no_memories_field ... ok
test intent::privacy::tests::test_filter_sensitive_content_memories_not_array ... ok
test intent::privacy::tests::test_filter_sensitive_content_removes_sensitive ... ok
test intent::privacy::tests::test_intent_filtering_removes_sensitive_nodes ... ok
test intent::privacy::tests::test_cross_agent_isolation ... ok
test gateway::tests::test_gateway_new ... ok
test gateway::tests::test_list_agents_empty ... ok
test intent::router::tests::test_filter_response_passes_through_non_memory ... ok
test intent::router::tests::test_filter_response_removes_sensitive ... ok
test intent::router::tests::test_intent_router_new ... ok
test intent::privacy::tests::test_storage_isolation_two_grafeo_stores ... ok
test intent::router::tests::test_cleanup_expired ... ok
test intent::router::tests::test_intent_router_with_timeout ... ok
test intent::router::tests::test_complete_async_intent_unknown_message ... ok
test intent::router::tests::test_complete_async_intent ... ok
test intent::router::tests::test_pending_for_agent ... ok
test config::tests::test_default_config ... ok
test ipc::server::tests::test_handle_permission_request ... ok
test gateway::state::tests::test_state_running ... ok
test config::tests::test_config_from_cli_defaults ... ok
test config::tests::test_config_from_cli_overrides ... ok
test ipc::session::tests::test_session_authenticate ... ok
test ipc::session::tests::test_session_default ... ok
test ipc::session::tests::test_session_manager_authenticate ... ok
test ipc::session::tests::test_session_manager_create ... ok
test config::tests::test_ensure_dirs ... ok
test ipc::session::tests::test_session_manager_find_by_agent_id ... ok
test ipc::session::tests::test_session_manager_remove ... ok
test ipc::session::tests::test_session_new ... ok
test ipc::session::tests::test_session_next_id ... ok
test ipc::transport::tests::test_classify_named_pipe ... ok
test ipc::transport::tests::test_classify_tcp ... ok
test ipc::transport::tests::test_classify_unix_socket ... ok
test ipc::transport::tests::test_create_server_named_pipe ... ok
test ipc::transport::tests::test_create_server_unix ... ok
test gateway::state::tests::test_state_new ... ok
test gateway::tests::test_ensure_dirs ... ok
test lifecycle::manager::tests::test_lifecycle_manager_new ... ok
test intent::router::tests::test_route_async_queues_intent ... ok
test intent::router::tests::test_route_async_agent_not_found ... ok
test ipc::server::tests::test_handle_rate_acquire ... ok
test ipc::server::tests::test_handle_budget_query ... ok
test ipc::server::tests::test_handle_usage_report ... ok
test lifecycle::manager::tests::test_system_agent_id_constant ... ok
test lifecycle::process::tests::test_agent_child_id ... ok
test intent::router::tests::test_route_sync_agent_not_found ... ok
test intent::router::tests::test_route_sync_agent_not_running ... ok
test ipc::server::tests::test_gateway_state_concurrent_access ... ok
test lifecycle::manager::tests::test_build_identity_delivery_no_deps ... ok
test lifecycle::manager::tests::test_auto_start_system_agent_not_installed ... ok
test lifecycle::manager::tests::test_build_identity_delivery_with_known_fields ... ok
test lifecycle::manager::tests::test_get_identity_deps_no_deps ... ok
test lifecycle::manager::tests::test_lifecycle_manager_zero_timeout ... ok
test lifecycle::manager::tests::test_start_agent_not_installed ... ok
test lifecycle::manager::tests::test_stop_agent_not_running ... ok
test rate::bucket::tests::test_rate_limiter_add_bucket ... ok
test rate::bucket::tests::test_rate_limiter_fair_scheduling ... ok
test rate::bucket::tests::test_rate_limiter_new ... ok
test lifecycle::manager::tests::test_stop_system_agent_rejected ... ok
test rate::bucket::tests::test_rate_limiter_no_bucket_always_grant ... ok
test rate::bucket::tests::test_rate_limiter_remove_bucket ... ok
test rate::bucket::tests::test_token_bucket_acquire ... ok
test rate::bucket::tests::test_token_bucket_acquire_n ... ok
test rate::bucket::tests::test_token_bucket_agent_usage ... ok
test rate::bucket::tests::test_token_bucket_new ... ok
test rate::bucket::tests::test_token_bucket_no_refill ... ok
test package_manager::uninstall::tests::test_uninstall_not_installed ... ok
test lifecycle::process::tests::test_spawn_nonexistent_binary ... ok
test package_manager::upgrade::tests::test_upgrade_not_installed ... ok
test vault::tests::test_vault_get_locked_fails ... ok
test package_manager::install::tests::test_install_package_missing_manifest ... ok
test vault::tests::test_vault_locked_by_default ... ok
test package_manager::upgrade::tests::test_upgrade_agent_id_mismatch ... ok
test vault::tests::test_vault_store_locked_fails ... ok
test package_manager::install::tests::test_install_package_success ... ok
test package_manager::install::tests::test_install_package_already_installed ... ok
test ipc::server::tests::test_ipc_server_named_pipe_single ... ok
test ipc::server::tests::test_ipc_server_named_pipe_concurrent ... FAILED
test ipc::server::tests::test_ipc_server_named_pipe_multiple_sequential ... ok
test lifecycle::process::tests::test_check_health_nonexistent_pid ... ok
test lifecycle::process::tests::test_check_health_current_process ... ok
test lifecycle::process::tests::test_kill_nonexistent_pid ... ok
test vault::tests::test_vault_store_and_get ... ok
test vault::tests::test_vault_get_missing_provider ... ok
test vault::tests::test_vault_list_providers ... ok
test vault::tests::test_vault_unlock ... ok

failures:

---- ipc::server::tests::test_ipc_server_named_pipe_concurrent stdout ----

thread 'ipc::server::tests::test_ipc_server_named_pipe_concurrent' (22004) panicked at rollball-gateway\src\ipc\server.rs:804:26:
Failed to connect to Named Pipe: Ipc("Named Pipe '\\\\.\\pipe\\rollball-test-ipc-conc-30424' is busy — all pipe instances are in use")
note: run with `RUST_BACKTRACE=1` environment variable to display a backtrace

thread 'ipc::server::tests::test_ipc_server_named_pipe_concurrent' (22004) panicked at rollball-gateway\src\ipc\server.rs:804:26:
Failed to connect to Named Pipe: Ipc("Named Pipe '\\\\.\\pipe\\rollball-test-ipc-conc-30424' is busy — all pipe instances are in use")

thread 'ipc::server::tests::test_ipc_server_named_pipe_concurrent' (22004) panicked at rollball-gateway\src\ipc\server.rs:804:26:
Failed to connect to Named Pipe: Ipc("Named Pipe '\\\\.\\pipe\\rollball-test-ipc-conc-30424' is busy — all pipe instances are in use")

thread 'ipc::server::tests::test_ipc_server_named_pipe_concurrent' (22004) panicked at rollball-gateway\src\ipc\server.rs:804:26:
Failed to connect to Named Pipe: Ipc("Named Pipe '\\\\.\\pipe\\rollball-test-ipc-conc-30424' is busy — all pipe instances are in use")

thread 'ipc::server::tests::test_ipc_server_named_pipe_concurrent' (22004) panicked at rollball-gateway\src\ipc\server.rs:804:26:
Failed to connect to Named Pipe: Ipc("Named Pipe '\\\\.\\pipe\\rollball-test-ipc-conc-30424' is busy — all pipe instances are in use")

thread 'ipc::server::tests::test_ipc_server_named_pipe_concurrent' (22004) panicked at rollball-gateway\src\ipc\server.rs:804:26:
Failed to connect to Named Pipe: Ipc("Named Pipe '\\\\.\\pipe\\rollball-test-ipc-conc-30424' is busy — all pipe instances are in use")

thread 'ipc::server::tests::test_ipc_server_named_pipe_concurrent' (22004) panicked at rollball-gateway\src\ipc\server.rs:804:26:
Failed to connect to Named Pipe: Ipc("Named Pipe '\\\\.\\pipe\\rollball-test-ipc-conc-30424' is busy — all pipe instances are in use")

thread 'ipc::server::tests::test_ipc_server_named_pipe_concurrent' (22004) panicked at rollball-gateway\src\ipc\server.rs:804:26:
Failed to connect to Named Pipe: Ipc("Named Pipe '\\\\.\\pipe\\rollball-test-ipc-conc-30424' is busy — all pipe instances are in use")

thread 'ipc::server::tests::test_ipc_server_named_pipe_concurrent' (22004) panicked at rollball-gateway\src\ipc\server.rs:804:26:
Failed to connect to Named Pipe: Ipc("Named Pipe '\\\\.\\pipe\\rollball-test-ipc-conc-30424' is busy — all pipe instances are in use")

thread 'ipc::server::tests::test_ipc_server_named_pipe_concurrent' (22004) panicked at rollball-gateway\src\ipc\server.rs:823:41:
called `Result::unwrap()` on an `Err` value: JoinError::Panic(Id(21), "Failed to connect to Named Pipe: Ipc(\"Named Pipe '\\\\\\\\.\\\\pipe\\\\rollball-test-ipc-conc-30424' is busy — all pipe instances are in use\")", ...)


failures:
    ipc::server::tests::test_ipc_server_named_pipe_concurrent

test result: FAILED. 119 passed; 1 failed; 0 ignored; 0 measured; 0 filtered out; finished in 2.18s

error: test failed, to rerun pass `-p rollball-gateway --lib`
